// Jest Snapshot v1, https://goo.gl/fbAQLP

exports[`<AddToCart /> renders and matches snap 1`] = `
<button
  disabled={false}
  onClick={[Function]}
>
  Add
   To Cart ðŸ›’
</button>
`;
